Archive member included to satisfy reference by file (symbol)

D:/STM32CubeIDE_1.13.2/STM32CubeIDE/plugins/com.st.stm32cube.ide.mcu.externaltools.gnu-tools-for-stm32.11.3.rel1.win32_1.1.1.202309131626/tools/bin/../lib/gcc/arm-none-eabi/11.3.1/../../../../arm-none-eabi/lib/thumb/v7e-m+fp/hard\libc_nano.a(libc_a-exit.o)
                              D:/STM32CubeIDE_1.13.2/STM32CubeIDE/plugins/com.st.stm32cube.ide.mcu.externaltools.gnu-tools-for-stm32.11.3.rel1.win32_1.1.1.202309131626/tools/bin/../lib/gcc/arm-none-eabi/11.3.1/../../../../arm-none-eabi/lib/thumb/v7e-m+fp/hard/crt0.o (exit)
D:/STM32CubeIDE_1.13.2/STM32CubeIDE/plugins/com.st.stm32cube.ide.mcu.externaltools.gnu-tools-for-stm32.11.3.rel1.win32_1.1.1.202309131626/tools/bin/../lib/gcc/arm-none-eabi/11.3.1/../../../../arm-none-eabi/lib/thumb/v7e-m+fp/hard\libc_nano.a(libc_a-findfp.o)
                              D:/STM32CubeIDE_1.13.2/STM32CubeIDE/plugins/com.st.stm32cube.ide.mcu.externaltools.gnu-tools-for-stm32.11.3.rel1.win32_1.1.1.202309131626/tools/bin/../lib/gcc/arm-none-eabi/11.3.1/../../../../arm-none-eabi/lib/thumb/v7e-m+fp/hard\libc_nano.a(libc_a-exit.o) (__stdio_exit_handler)
D:/STM32CubeIDE_1.13.2/STM32CubeIDE/plugins/com.st.stm32cube.ide.mcu.externaltools.gnu-tools-for-stm32.11.3.rel1.win32_1.1.1.202309131626/tools/bin/../lib/gcc/arm-none-eabi/11.3.1/../../../../arm-none-eabi/lib/thumb/v7e-m+fp/hard\libc_nano.a(libc_a-fwalk.o)
                              D:/STM32CubeIDE_1.13.2/STM32CubeIDE/plugins/com.st.stm32cube.ide.mcu.externaltools.gnu-tools-for-stm32.11.3.rel1.win32_1.1.1.202309131626/tools/bin/../lib/gcc/arm-none-eabi/11.3.1/../../../../arm-none-eabi/lib/thumb/v7e-m+fp/hard\libc_nano.a(libc_a-findfp.o) (_fwalk_sglue)
D:/STM32CubeIDE_1.13.2/STM32CubeIDE/plugins/com.st.stm32cube.ide.mcu.externaltools.gnu-tools-for-stm32.11.3.rel1.win32_1.1.1.202309131626/tools/bin/../lib/gcc/arm-none-eabi/11.3.1/../../../../arm-none-eabi/lib/thumb/v7e-m+fp/hard\libc_nano.a(libc_a-stdio.o)
                              D:/STM32CubeIDE_1.13.2/STM32CubeIDE/plugins/com.st.stm32cube.ide.mcu.externaltools.gnu-tools-for-stm32.11.3.rel1.win32_1.1.1.202309131626/tools/bin/../lib/gcc/arm-none-eabi/11.3.1/../../../../arm-none-eabi/lib/thumb/v7e-m+fp/hard\libc_nano.a(libc_a-findfp.o) (__sread)
D:/STM32CubeIDE_1.13.2/STM32CubeIDE/plugins/com.st.stm32cube.ide.mcu.externaltools.gnu-tools-for-stm32.11.3.rel1.win32_1.1.1.202309131626/tools/bin/../lib/gcc/arm-none-eabi/11.3.1/../../../../arm-none-eabi/lib/thumb/v7e-m+fp/hard\libc_nano.a(libc_a-memset.o)
                              D:/STM32CubeIDE_1.13.2/STM32CubeIDE/plugins/com.st.stm32cube.ide.mcu.externaltools.gnu-tools-for-stm32.11.3.rel1.win32_1.1.1.202309131626/tools/bin/../lib/gcc/arm-none-eabi/11.3.1/../../../../arm-none-eabi/lib/thumb/v7e-m+fp/hard/crt0.o (memset)
D:/STM32CubeIDE_1.13.2/STM32CubeIDE/plugins/com.st.stm32cube.ide.mcu.externaltools.gnu-tools-for-stm32.11.3.rel1.win32_1.1.1.202309131626/tools/bin/../lib/gcc/arm-none-eabi/11.3.1/../../../../arm-none-eabi/lib/thumb/v7e-m+fp/hard\libc_nano.a(libc_a-closer.o)
                              D:/STM32CubeIDE_1.13.2/STM32CubeIDE/plugins/com.st.stm32cube.ide.mcu.externaltools.gnu-tools-for-stm32.11.3.rel1.win32_1.1.1.202309131626/tools/bin/../lib/gcc/arm-none-eabi/11.3.1/../../../../arm-none-eabi/lib/thumb/v7e-m+fp/hard\libc_nano.a(libc_a-stdio.o) (_close_r)
D:/STM32CubeIDE_1.13.2/STM32CubeIDE/plugins/com.st.stm32cube.ide.mcu.externaltools.gnu-tools-for-stm32.11.3.rel1.win32_1.1.1.202309131626/tools/bin/../lib/gcc/arm-none-eabi/11.3.1/../../../../arm-none-eabi/lib/thumb/v7e-m+fp/hard\libc_nano.a(libc_a-reent.o)
                              D:/STM32CubeIDE_1.13.2/STM32CubeIDE/plugins/com.st.stm32cube.ide.mcu.externaltools.gnu-tools-for-stm32.11.3.rel1.win32_1.1.1.202309131626/tools/bin/../lib/gcc/arm-none-eabi/11.3.1/../../../../arm-none-eabi/lib/thumb/v7e-m+fp/hard\libc_nano.a(libc_a-closer.o) (errno)
D:/STM32CubeIDE_1.13.2/STM32CubeIDE/plugins/com.st.stm32cube.ide.mcu.externaltools.gnu-tools-for-stm32.11.3.rel1.win32_1.1.1.202309131626/tools/bin/../lib/gcc/arm-none-eabi/11.3.1/../../../../arm-none-eabi/lib/thumb/v7e-m+fp/hard\libc_nano.a(libc_a-impure.o)
                              D:/STM32CubeIDE_1.13.2/STM32CubeIDE/plugins/com.st.stm32cube.ide.mcu.externaltools.gnu-tools-for-stm32.11.3.rel1.win32_1.1.1.202309131626/tools/bin/../lib/gcc/arm-none-eabi/11.3.1/../../../../arm-none-eabi/lib/thumb/v7e-m+fp/hard\libc_nano.a(libc_a-reent.o) (_impure_ptr)
D:/STM32CubeIDE_1.13.2/STM32CubeIDE/plugins/com.st.stm32cube.ide.mcu.externaltools.gnu-tools-for-stm32.11.3.rel1.win32_1.1.1.202309131626/tools/bin/../lib/gcc/arm-none-eabi/11.3.1/../../../../arm-none-eabi/lib/thumb/v7e-m+fp/hard\libc_nano.a(libc_a-lseekr.o)
[...]
Memory Configuration

Name             Origin             Length             Attributes
RAM              0x0000000020000000 0x0000000000020000 xrw
FLASH            0x0000000008000000 0x0000000000080000 xr
*default*        0x0000000000000000 0xffffffffffffffff

Linker script and memory map

LOAD D:/STM32CubeIDE_1.13.2/STM32CubeIDE/plugins/com.st.stm32cube.ide.mcu.externaltools.gnu-tools-for-stm32.11.3.rel1.win32_1.1.1.202309131626/tools/bin/../lib/gcc/arm-none-eabi/11.3.1/thumb/v7e-m+fp/hard/crti.o
LOAD D:/STM32CubeIDE_1.13.2/STM32CubeIDE/plugins/com.st.stm32cube.ide.mcu.externaltools.gnu-tools-for-stm32.11.3.rel1.win32_1.1.1.202309131626/tools/bin/../lib/gcc/arm-none-eabi/11.3.1/thumb/v7e-m+fp/hard/crtbegin.o
LOAD D:/STM32CubeIDE_1.13.2/STM32CubeIDE/plugins/com.st.stm32cube.ide.mcu.externaltools.gnu-tools-for-stm32.11.3.rel1.win32_1.1.1.202309131626/tools/bin/../lib/gcc/arm-none-eabi/11.3.1/../../../../arm-none-eabi/lib/thumb/v7e-m+fp/hard/crt0.o
LOAD ./Core/Src/MFRC522.o
LOAD ./Core/Src/i2c-lcd.o
LOAD ./Core/Src/liquidcrystal_i2c.o
LOAD ./Core/Src/main.o
LOAD ./Core/Src/stm32f4xx_hal_msp.o
LOAD ./Core/Src/stm32f4xx_it.o
LOAD ./Core/Src/syscalls.o
LOAD ./Core/Src/sysmem.o
LOAD ./Core/Src/system_stm32f4xx.o
LOAD ./Core/Startup/startup_stm32f411ceux.o
LOAD ./Drivers/STM32F4xx_HAL_Driver/stm32f4xx_hal.o
LOAD ./Drivers/STM32F4xx_HAL_Driver/stm32f4xx_hal_cortex.o
LOAD ./Drivers/STM32F4xx_HAL_Driver/stm32f4xx_hal_dma.o
LOAD ./Drivers/STM32F4xx_HAL_Driver/stm32f4xx_hal_dma_ex.o
LOAD ./Drivers/STM32F4xx_HAL_Driver/stm32f4xx_hal_exti.o
LOAD ./Drivers/STM32F4xx_HAL_Driver/stm32f4xx_hal_flash.o
LOAD ./Drivers/STM32F4xx_HAL_Driver/stm32f4xx_hal_flash_ex.o
LOAD ./Drivers/STM32F4xx_HAL_Driver/stm32f4xx_hal_flash_ramfunc.o
LOAD ./Drivers/STM32F4xx_HAL_Driver/stm32f4xx_hal_gpio.o
LOAD ./Drivers/STM32F4xx_HAL_Driver/stm32f4xx_hal_i2c.o
LOAD ./Drivers/STM32F4xx_HAL_Driver/stm32f4xx_hal_i2c_ex.o
LOAD ./Drivers/STM32F4xx_HAL_Driver/stm32f4xx_hal_pwr.o
LOAD ./Drivers/STM32F4xx_HAL_Driver/stm32f4xx_hal_pwr_ex.o
LOAD ./Drivers/STM32F4xx_HAL_Driver/stm32f4xx_hal_rcc.o
LOAD ./Drivers/STM32F4xx_HAL_Driver/stm32f4xx_hal_rcc_ex.o
LOAD ./Drivers/STM32F4xx_HAL_Driver/stm32f4xx_hal_spi.o
LOAD ./Drivers/STM32F4xx_HAL_Driver/stm32f4xx_hal_tim.o
LOAD ./Drivers/STM32F4xx_HAL_Driver/stm32f4xx_hal_tim_ex.o
LOAD ./Drivers/STM32F4xx_HAL_Driver/stm32f4xx_hal_uart.o
START GROUP
LOAD D:/STM32CubeIDE_1.13.2/STM32CubeIDE/plugins/com.st.stm32cube.ide.mcu.externaltools.gnu-tools-for-stm32.11.3.rel1.win32_1.1.1.202309131626/tools/bin/../lib/gcc/arm-none-eabi/11.3.1/../../../../arm-none-eabi/lib/thumb/v7e-m+fp/hard\libc_nano.a
LOAD D:/STM32CubeIDE_1.13.2/STM32CubeIDE/plugins/com.st.stm32cube.ide.mcu.externaltools.gnu-tools-for-stm32.11.3.rel1.win32_1.1.1.202309131626/tools/bin/../lib/gcc/arm-none-eabi/11.3.1/../../../../arm-none-eabi/lib/thumb/v7e-m+fp/hard\libm.a
END GROUP
START GROUP
LOAD D:/STM32CubeIDE_1.13.2/STM32CubeIDE/plugins/com.st.stm32cube.ide.mcu.externaltools.gnu-tools-for-stm32.11.3.rel1.win32_1.1.1.202309131626/tools/bin/../lib/gcc/arm-none-eabi/11.3.1/thumb/v7e-m+fp/hard\libgcc.a
LOAD D:/STM32CubeIDE_1.13.2/STM32CubeIDE/plugins/com.st.stm32cube.ide.mcu.externaltools.gnu-tools-for-stm32.11.3.rel1.win32_1.1.1.202309131626/tools/bin/../lib/gcc/arm-none-eabi/11.3.1/../../../../arm-none-eabi/lib/thumb/v7e-m+fp/hard\libc_nano.a
END GROUP
START GROUP
LOAD D:/STM32CubeIDE_1.13.2/STM32CubeIDE/plugins/com.st.stm32cube.ide.mcu.externaltools.gnu-tools-for-stm32.11.3.rel1.win32_1.1.1.202309131626/tools/bin/../lib/gcc/arm-none-eabi/11.3.1/thumb/v7e-m+fp/hard\libgcc.a
LOAD D:/STM32CubeIDE_1.13.2/STM32CubeIDE/plugins/com.st.stm32cube.ide.mcu.externaltools.gnu-tools-for-stm32.11.3.rel1.win32_1.1.1.202309131626/tools/bin/../lib/gcc/arm-none-eabi/11.3.1/../../../../arm-none-eabi/lib/thumb/v7e-m+fp/hard\libc_nano.a
LOAD D:/STM32CubeIDE_1.13.2/STM32CubeIDE/plugins/com.st.stm32cube.ide.mcu.externaltools.gnu-tools-for-stm32.11.3.rel1.win32_1.1.1.202309131626/tools/bin/../lib/gcc/arm-none-eabi/11.3.1/../../../../arm-none-eabi/lib/thumb/v7e-m+fp/hard\libnosys.a
END GROUP
START GROUP
LOAD D:/STM32CubeIDE_1.13.2/STM32CubeIDE/plugins/com.st.stm32cube.ide.mcu.externaltools.gnu-tools-for-stm32.11.3.rel1.win32_1.1.1.202309131626/tools/bin/../lib/gcc/arm-none-eabi/11.3.1/thumb/v7e-m+fp/hard\libgcc.a
LOAD D:/STM32CubeIDE_1.13.2/STM32CubeIDE/plugins/com.st.stm32cube.ide.mcu.externaltools.gnu-tools-for-stm32.11.3.rel1.win32_1.1.1.202309131626/tools/bin/../lib/gcc/arm-none-eabi/11.3.1/../../../../arm-none-eabi/lib/thumb/v7e-m+fp/hard\libc_nano.a
LOAD D:/STM32CubeIDE_1.13.2/STM32CubeIDE/plugins/com.st.stm32cube.ide.mcu.externaltools.gnu-tools-for-stm32.11.3.rel1.win32_1.1.1.202309131626/tools/bin/../lib/gcc/arm-none-eabi/11.3.1/../../../../arm-none-eabi/lib/thumb/v7e-m+fp/hard\libnosys.a
END GROUP
LOAD D:/STM32CubeIDE_1.13.2/STM32CubeIDE/plugins/com.st.stm32cube.ide.mcu.externaltools.gnu-tools-for-stm32.11.3.rel1.win32_1.1.1.202309131626/tools/bin/../lib/gcc/arm-none-eabi/11.3.1/thumb/v7e-m+fp/hard/crtend.o
LOAD D:/STM32CubeIDE_1.13.2/STM32CubeIDE/plugins/com.st.stm32cube.ide.mcu.externaltools.gnu-tools-for-stm32.11.3.rel1.win32_1.1.1.202309131626/tools/bin/../lib/gcc/arm-none-eabi/11.3.1/thumb/v7e-m+fp/hard/crtn.o
                0x0000000020020000                _estack = (ORIGIN (RAM) + LENGTH (RAM))
                0x0000000000000200                _Min_Heap_Size = 0x200
                0x0000000000000400                _Min_Stack_Size = 0x400

.isr_vector     0x0000000008000000      0x198
                0x0000000008000000                . = ALIGN (0x4)
 *(.isr_vector)
 .isr_vector    0x0000000008000000      0x198 ./Core/Startup/startup_stm32f411ceux.o
                0x0000000008000000                g_pfnVectors
                0x0000000008000198                . = ALIGN (0x4)

.text           0x0000000008000198     0x559c
                0x0000000008000198                . = ALIGN (0x4)
 *(.text)
 .text          0x0000000008000198       0x40 D:/STM32CubeIDE_1.13.2/STM32CubeIDE/plugins/com.st.stm32cube.ide.mcu.externaltools.gnu-tools-for-stm32.11.3.rel1.win32_1.1.1.202309131626/tools/bin/../lib/gcc/arm-none-eabi/11.3.1/thumb/v7e-m+fp/hard/crtbegin.o
 .text          0x00000000080001d8       0x14 D:/STM32CubeIDE_1.13.2/STM32CubeIDE/plugins/com.st.stm32cube.ide.mcu.externaltools.gnu-tools-for-stm32.11.3.rel1.win32_1.1.1.202309131626/tools/bin/../lib/gcc/arm-none-eabi/11.3.1/../../../../arm-none-eabi/lib/thumb/v7e-m+fp/hard\libc_nano.a(libc_a-strcmp.o)
                0x00000000080001d8                strcmp
 .text          0x00000000080001ec       0x30 D:/STM32CubeIDE_1.13.2/STM32CubeIDE/plugins/com.st.stm32cube.ide.mcu.externaltools.gnu-tools-for-stm32.11.3.rel1.win32_1.1.1.202309131626/tools/bin/../lib/gcc/arm-none-eabi/11.3.1/thumb/v7e-m+fp/hard\libgcc.a(_aeabi_uldivmod.o)
                0x00000000080001ec                __aeabi_uldivmod
 .text          0x000000000800021c      0x2c8 D:/STM32CubeIDE_1.13.2/STM32CubeIDE/plugins/com.st.stm32cube.ide.mcu.externaltools.gnu-tools-for-stm32.11.3.rel1.win32_1.1.1.202309131626/tools/bin/../lib/gcc/arm-none-eabi/11.3.1/thumb/v7e-m+fp/hard\libgcc.a(_udivmoddi4.o)
                0x000000000800021c                __udivmoddi4
 .text          0x00000000080004e4        0x4 D:/STM32CubeIDE_1.13.2/STM32CubeIDE/plugins/com.st.stm32cube.ide.mcu.externaltools.gnu-tools-for-stm32.11.3.rel1.win32_1.1.1.202309131626/tools/bin/../lib/gcc/arm-none-eabi/11.3.1/thumb/v7e-m+fp/hard\libgcc.a(_dvmd_tls.o)
                0x00000000080004e4                __aeabi_idiv0
                0x00000000080004e4                __aeabi_ldiv0
 *(.text*)
 .text.Write_MFRC522
                0x00000000080004e8       0x60 ./Core/Src/MFRC522.o
                0x00000000080004e8                Write_MFRC522
 .text.Read_MFRC522
                0x0000000008000548       0x68 ./Core/Src/MFRC522.o
                0x0000000008000548                Read_MFRC522
 .text.SetBitMask
                0x00000000080005b0       0x36 ./Core/Src/MFRC522.o
                0x00000000080005b0                SetBitMask
 .text.ClearBitMask
                0x00000000080005e6       0x40 ./Core/Src/MFRC522.o
                0x00000000080005e6                ClearBitMask
 .text.AntennaOn
                0x0000000008000626       0x10 ./Core/Src/MFRC522.o
                0x0000000008000626                AntennaOn
 .text.MFRC522_Reset
                0x0000000008000636       0x10 ./Core/Src/MFRC522.o
                0x0000000008000636                MFRC522_Reset
 .text.MFRC522_Init
                0x0000000008000646       0x40 ./Core/Src/MFRC522.o
                0x0000000008000646                MFRC522_Init
 .text.MFRC522_Request
                0x0000000008000686       0x4a ./Core/Src/MFRC522.o
                0x0000000008000686                MFRC522_Request
 .text.MFRC522_ToCard
                0x00000000080006d0      0x192 ./Core/Src/MFRC522.o
                0x00000000080006d0                MFRC522_ToCard
 .text.MFRC522_Anticoll
                0x0000000008000862       0x7a ./Core/Src/MFRC522.o
                0x0000000008000862                MFRC522_Anticoll
 .text.HD44780_Init
                0x00000000080008dc      0x108 ./Core/Src/liquidcrystal_i2c.o
                0x00000000080008dc                HD44780_Init
 .text.HD44780_Clear
                0x00000000080009e4       0x16 ./Core/Src/liquidcrystal_i2c.o
                0x00000000080009e4                HD44780_Clear
 .text.HD44780_Home
                0x00000000080009fa       0x16 ./Core/Src/liquidcrystal_i2c.o
                0x00000000080009fa                HD44780_Home
 .text.HD44780_SetCursor
                0x0000000008000a10       0x64 ./Core/Src/liquidcrystal_i2c.o
                0x0000000008000a10                HD44780_SetCursor
 .text.HD44780_Display
                0x0000000008000a74       0x2c ./Core/Src/liquidcrystal_i2c.o
                0x0000000008000a74                HD44780_Display
 .text.HD44780_CreateSpecialChar
                0x0000000008000aa0       0x52 ./Core/Src/liquidcrystal_i2c.o
                0x0000000008000aa0                HD44780_CreateSpecialChar
 .text.HD44780_PrintStr
                0x0000000008000af2       0x2a ./Core/Src/liquidcrystal_i2c.o
                0x0000000008000af2                HD44780_PrintStr
 .text.SendCommand
                0x0000000008000b1c       0x1c ./Core/Src/liquidcrystal_i2c.o
 .text.SendChar
                0x0000000008000b38       0x1c ./Core/Src/liquidcrystal_i2c.o
 .text.Send     0x0000000008000b54       0x42 ./Core/Src/liquidcrystal_i2c.o
 .text.Write4Bits
                0x0000000008000b96       0x22 ./Core/Src/liquidcrystal_i2c.o
 .text.ExpanderWrite
                0x0000000008000bb8       0x38 ./Core/Src/liquidcrystal_i2c.o
 .text.PulseEnable
                0x0000000008000bf0       0x3a ./Core/Src/liquidcrystal_i2c.o
 *fill*         0x0000000008000c2a        0x2 
 .text.DelayInit
                0x0000000008000c2c       0x54 ./Core/Src/liquidcrystal_i2c.o
 .text.DelayUS  0x0000000008000c80       0x50 ./Core/Src/liquidcrystal_i2c.o
 .text.HAL_UART_RxCpltCallback
                0x0000000008000cd0       0xa4 ./Core/Src/main.o
                0x0000000008000cd0                HAL_UART_RxCpltCallback
 .text.main     0x0000000008000d74      0x45c ./Core/Src/main.o
                0x0000000008000d74                main
 .text.SystemClock_Config
                0x00000000080011d0       0xd0 ./Core/Src/main.o
                0x00000000080011d0                SystemClock_Config
 .text.MX_I2C2_Init
                0x00000000080012a0       0x5c ./Core/Src/main.o
 .text.MX_SPI1_Init
                0x00000000080012fc       0x6c ./Core/Src/main.o
 .text.MX_TIM11_Init
                0x0000000008001368       0x9c ./Core/Src/main.o
 .text.MX_USART1_UART_Init
                0x0000000008001404       0x54 ./Core/Src/main.o
 .text.MX_GPIO_Init
                0x0000000008001458       0x9c ./Core/Src/main.o
 .text.Error_Handler
                0x00000000080014f4        0xa ./Core/Src/main.o
                0x00000000080014f4                Error_Handler
 *fill*         0x00000000080014fe        0x2 
 .text.HAL_MspInit
                0x0000000008001500       0x50 ./Core/Src/stm32f4xx_hal_msp.o
                0x0000000008001500                HAL_MspInit
 .text.HAL_I2C_MspInit
                0x0000000008001550       0xb0 ./Core/Src/stm32f4xx_hal_msp.o
                0x0000000008001550                HAL_I2C_MspInit
 .text.HAL_SPI_MspInit
                0x0000000008001600       0x90 ./Core/Src/stm32f4xx_hal_msp.o
                0x0000000008001600                HAL_SPI_MspInit
 .text.HAL_TIM_Base_MspInit
                0x0000000008001690       0x44 ./Core/Src/stm32f4xx_hal_msp.o
                0x0000000008001690                HAL_TIM_Base_MspInit
 .text.HAL_TIM_MspPostInit
                0x00000000080016d4       0x74 ./Core/Src/stm32f4xx_hal_msp.o
                0x00000000080016d4                HAL_TIM_MspPostInit
 .text.HAL_UART_MspInit
                0x0000000008001748       0xa0 ./Core/Src/stm32f4xx_hal_msp.o
                0x0000000008001748                HAL_UART_MspInit
 .text.NMI_Handler
                0x00000000080017e8        0x6 ./Core/Src/stm32f4xx_it.o
                0x00000000080017e8                NMI_Handler
 .text.HardFault_Handler
                0x00000000080017ee        0x6 ./Core/Src/stm32f4xx_it.o
                0x00000000080017ee                HardFault_Handler
 .text.MemManage_Handler
                0x00000000080017f4        0x6 ./Core/Src/stm32f4xx_it.o
                0x00000000080017f4                MemManage_Handler
 .text.BusFault_Handler
                0x00000000080017fa        0x6 ./Core/Src/stm32f4xx_it.o
                0x00000000080017fa                BusFault_Handler
 .text.UsageFault_Handler
                0x0000000008001800        0x6 ./Core/Src/stm32f4xx_it.o
                0x0000000008001800                UsageFault_Handler
 .text.SVC_Handler
                0x0000000008001806        0xe ./Core/Src/stm32f4xx_it.o
                0x0000000008001806                SVC_Handler
 .text.DebugMon_Handler
                0x0000000008001814        0xe ./Core/Src/stm32f4xx_it.o
                0x0000000008001814                DebugMon_Handler
 .text.PendSV_Handler
                0x0000000008001822        0xe ./Core/Src/stm32f4xx_it.o
                0x0000000008001822                PendSV_Handler
 .text.SysTick_Handler
                0x0000000008001830        0xc ./Core/Src/stm32f4xx_it.o
                0x0000000008001830                SysTick_Handler
 .text.USART1_IRQHandler
                0x000000000800183c       0x14 ./Core/Src/stm32f4xx_it.o
                0x000000000800183c                USART1_IRQHandler
 .text.SystemInit
                0x0000000008001850       0x24 ./Core/Src/system_stm32f4xx.o
                0x0000000008001850                SystemInit
 .text.Reset_Handler
                0x0000000008001874       0x50 ./Core/Startup/startup_stm32f411ceux.o
                0x0000000008001874                Reset_Handler
 .text.Default_Handler
                0x00000000080018c4        0x2 ./Core/Startup/startup_stm32f411ceux.o
                0x00000000080018c4                RTC_Alarm_IRQHandler
                0x00000000080018c4                EXTI2_IRQHandler
                0x00000000080018c4                SPI4_IRQHandler
                0x00000000080018c4                TIM1_CC_IRQHandler
                0x00000000080018c4                DMA2_Stream5_IRQHandler
                0x00000000080018c4                DMA1_Stream5_IRQHandler
                0x00000000080018c4                PVD_IRQHandler
                0x00000000080018c4                SDIO_IRQHandler
                0x00000000080018c4                TAMP_STAMP_IRQHandler
                0x00000000080018c4                EXTI3_IRQHandler
                0x00000000080018c4                TIM1_UP_TIM10_IRQHandler
                0x00000000080018c4                I2C3_ER_IRQHandler
                0x00000000080018c4                EXTI0_IRQHandler
                0x00000000080018c4                I2C2_EV_IRQHandler
                0x00000000080018c4                DMA1_Stream2_IRQHandler
                0x00000000080018c4                FPU_IRQHandler
                0x00000000080018c4                DMA2_Stream2_IRQHandler
                0x00000000080018c4                SPI1_IRQHandler
                0x00000000080018c4                TIM1_BRK_TIM9_IRQHandler
                0x00000000080018c4                DMA2_Stream3_IRQHandler
                0x00000000080018c4                USART6_IRQHandler
                0x00000000080018c4                DMA2_Stream0_IRQHandler
                0x00000000080018c4                TIM4_IRQHandler
                0x00000000080018c4                I2C1_EV_IRQHandler
                0x00000000080018c4                DMA1_Stream6_IRQHandler
                0x00000000080018c4                DMA1_Stream1_IRQHandler
                0x00000000080018c4                TIM3_IRQHandler
                0x00000000080018c4                RCC_IRQHandler
                0x00000000080018c4                Default_Handler
                0x00000000080018c4                EXTI15_10_IRQHandler
                0x00000000080018c4                ADC_IRQHandler
                0x00000000080018c4                DMA1_Stream7_IRQHandler
                0x00000000080018c4                SPI5_IRQHandler
                0x00000000080018c4                TIM5_IRQHandler
                0x00000000080018c4                DMA2_Stream7_IRQHandler
                0x00000000080018c4                I2C3_EV_IRQHandler
                0x00000000080018c4                EXTI9_5_IRQHandler
                0x00000000080018c4                RTC_WKUP_IRQHandler
                0x00000000080018c4                SPI2_IRQHandler
                0x00000000080018c4                DMA1_Stream0_IRQHandler
                0x00000000080018c4                EXTI4_IRQHandler
                0x00000000080018c4                WWDG_IRQHandler
                0x00000000080018c4                TIM2_IRQHandler
                0x00000000080018c4                OTG_FS_WKUP_IRQHandler
                0x00000000080018c4                TIM1_TRG_COM_TIM11_IRQHandler
                0x00000000080018c4                EXTI1_IRQHandler
                0x00000000080018c4                USART2_IRQHandler
                0x00000000080018c4                I2C2_ER_IRQHandler
                0x00000000080018c4                DMA2_Stream1_IRQHandler
                0x00000000080018c4                FLASH_IRQHandler
                0x00000000080018c4                DMA2_Stream4_IRQHandler
                0x00000000080018c4                OTG_FS_IRQHandler
                0x00000000080018c4                SPI3_IRQHandler
                0x00000000080018c4                DMA1_Stream4_IRQHandler
                0x00000000080018c4                I2C1_ER_IRQHandler
                0x00000000080018c4                DMA2_Stream6_IRQHandler
                0x00000000080018c4                DMA1_Stream3_IRQHandler
 *fill*         0x00000000080018c6        0x2 
 .text.HAL_Init
                0x00000000080018c8       0x44 ./Drivers/STM32F4xx_HAL_Driver/stm32f4xx_hal.o
                0x00000000080018c8                HAL_Init
 .text.HAL_InitTick
                0x000000000800190c       0x60 ./Drivers/STM32F4xx_HAL_Driver/stm32f4xx_hal.o
                0x000000000800190c                HAL_InitTick
 .text.HAL_IncTick
                0x000000000800196c       0x28 ./Drivers/STM32F4xx_HAL_Driver/stm32f4xx_hal.o
                0x000000000800196c                HAL_IncTick
 .text.HAL_GetTick
                0x0000000008001994       0x18 ./Drivers/STM32F4xx_HAL_Driver/stm32f4xx_hal.o
                0x0000000008001994                HAL_GetTick
 .text.HAL_Delay
                0x00000000080019ac       0x48 ./Drivers/STM32F4xx_HAL_Driver/stm32f4xx_hal.o
                0x00000000080019ac                HAL_Delay
 .text.__NVIC_SetPriorityGrouping
                0x00000000080019f4       0x48 ./Drivers/STM32F4xx_HAL_Driver/stm32f4xx_hal_cortex.o
 .text.__NVIC_GetPriorityGrouping
                0x0000000008001a3c       0x1c ./Drivers/STM32F4xx_HAL_Driver/stm32f4xx_hal_cortex.o
 .text.__NVIC_EnableIRQ
                0x0000000008001a58       0x3c ./Drivers/STM32F4xx_HAL_Driver/stm32f4xx_hal_cortex.o
 .text.__NVIC_SetPriority
                0x0000000008001a94       0x54 ./Drivers/STM32F4xx_HAL_Driver/stm32f4xx_hal_cortex.o
 .text.NVIC_EncodePriority
                0x0000000008001ae8       0x66 ./Drivers/STM32F4xx_HAL_Driver/stm32f4xx_hal_cortex.o
 *fill*         0x0000000008001b4e        0x2 
 .text.SysTick_Config
                0x0000000008001b50       0x44 ./Drivers/STM32F4xx_HAL_Driver/stm32f4xx_hal_cortex.o
 .text.HAL_NVIC_SetPriorityGrouping
                0x0000000008001b94       0x16 ./Drivers/STM32F4xx_HAL_Driver/stm32f4xx_hal_cortex.o
                0x0000000008001b94                HAL_NVIC_SetPriorityGrouping
 .text.HAL_NVIC_SetPriority
                0x0000000008001baa       0x38 ./Drivers/STM32F4xx_HAL_Driver/stm32f4xx_hal_cortex.o
                0x0000000008001baa                HAL_NVIC_SetPriority
 .text.HAL_NVIC_EnableIRQ
                0x0000000008001be2       0x1c ./Drivers/STM32F4xx_HAL_Driver/stm32f4xx_hal_cortex.o
                0x0000000008001be2                HAL_NVIC_EnableIRQ
 .text.HAL_SYSTICK_Config
                0x0000000008001bfe       0x18 ./Drivers/STM32F4xx_HAL_Driver/stm32f4xx_hal_cortex.o
                0x0000000008001bfe                HAL_SYSTICK_Config
 .text.HAL_DMA_Abort
                0x0000000008001c16       0xe0 ./Drivers/STM32F4xx_HAL_Driver/stm32f4xx_hal_dma.o
                0x0000000008001c16                HAL_DMA_Abort
 .text.HAL_DMA_Abort_IT
                0x0000000008001cf6       0x44 ./Drivers/STM32F4xx_HAL_Driver/stm32f4xx_hal_dma.o
                0x0000000008001cf6                HAL_DMA_Abort_IT
 *fill*         0x0000000008001d3a        0x2 
 .text.HAL_GPIO_Init
                0x0000000008001d3c      0x308 ./Drivers/STM32F4xx_HAL_Driver/stm32f4xx_hal_gpio.o
                0x0000000008001d3c                HAL_GPIO_Init
 .text.HAL_GPIO_ReadPin
                0x0000000008002044       0x30 ./Drivers/STM32F4xx_HAL_Driver/stm32f4xx_hal_gpio.o
                0x0000000008002044                HAL_GPIO_ReadPin
 .text.HAL_GPIO_WritePin
                0x0000000008002074       0x32 ./Drivers/STM32F4xx_HAL_Driver/stm32f4xx_hal_gpio.o
                0x0000000008002074                HAL_GPIO_WritePin
 *fill*         0x00000000080020a6        0x2 
 .text.HAL_I2C_Init
                0x00000000080020a8      0x288 ./Drivers/STM32F4xx_HAL_Driver/stm32f4xx_hal_i2c.o
                0x00000000080020a8                HAL_I2C_Init
 .text.HAL_I2C_Master_Transmit
                0x0000000008002330      0x1fc ./Drivers/STM32F4xx_HAL_Driver/stm32f4xx_hal_i2c.o
                0x0000000008002330                HAL_I2C_Master_Transmit
 .text.I2C_MasterRequestWrite
                0x000000000800252c      0x104 ./Drivers/STM32F4xx_HAL_Driver/stm32f4xx_hal_i2c.o
 .text.I2C_WaitOnFlagUntilTimeout
                0x0000000008002630       0xae ./Drivers/STM32F4xx_HAL_Driver/stm32f4xx_hal_i2c.o
 .text.I2C_WaitOnMasterAddressFlagUntilTimeout
                0x00000000080026de       0xfe ./Drivers/STM32F4xx_HAL_Driver/stm32f4xx_hal_i2c.o
 .text.I2C_WaitOnTXEFlagUntilTimeout
                0x00000000080027dc       0x82 ./Drivers/STM32F4xx_HAL_Driver/stm32f4xx_hal_i2c.o
 .text.I2C_WaitOnBTFFlagUntilTimeout
                0x000000000800285e       0x82 ./Drivers/STM32F4xx_HAL_Driver/stm32f4xx_hal_i2c.o
 .text.I2C_IsAcknowledgeFailed
                0x00000000080028e0       0x5e ./Drivers/STM32F4xx_HAL_Driver/stm32f4xx_hal_i2c.o
 *fill*         0x000000000800293e        0x2 
 .text.HAL_RCC_OscConfig
                0x0000000008002940      0x4f0 ./Drivers/STM32F4xx_HAL_Driver/stm32f4xx_hal_rcc.o
                0x0000000008002940                HAL_RCC_OscConfig
 .text.HAL_RCC_ClockConfig
                0x0000000008002e30      0x1cc ./Drivers/STM32F4xx_HAL_Driver/stm32f4xx_hal_rcc.o
                0x0000000008002e30                HAL_RCC_ClockConfig
 .text.HAL_RCC_GetSysClockFreq
                0x0000000008002ffc      0x18c ./Drivers/STM32F4xx_HAL_Driver/stm32f4xx_hal_rcc.o
                0x0000000008002ffc                HAL_RCC_GetSysClockFreq
 .text.HAL_RCC_GetHCLKFreq
                0x0000000008003188       0x18 ./Drivers/STM32F4xx_HAL_Driver/stm32f4xx_hal_rcc.o
                0x0000000008003188                HAL_RCC_GetHCLKFreq
 .text.HAL_RCC_GetPCLK1Freq
                0x00000000080031a0       0x28 ./Drivers/STM32F4xx_HAL_Driver/stm32f4xx_hal_rcc.o
                0x00000000080031a0                HAL_RCC_GetPCLK1Freq
 .text.HAL_RCC_GetPCLK2Freq
                0x00000000080031c8       0x28 ./Drivers/STM32F4xx_HAL_Driver/stm32f4xx_hal_rcc.o
                0x00000000080031c8                HAL_RCC_GetPCLK2Freq
 .text.HAL_SPI_Init
                0x00000000080031f0      0x112 ./Drivers/STM32F4xx_HAL_Driver/stm32f4xx_hal_spi.o
                0x00000000080031f0                HAL_SPI_Init
 .text.HAL_SPI_Transmit
                0x0000000008003302      0x278 ./Drivers/STM32F4xx_HAL_Driver/stm32f4xx_hal_spi.o
                0x0000000008003302                HAL_SPI_Transmit
 .text.HAL_SPI_Receive
                0x000000000800357a      0x222 ./Drivers/STM32F4xx_HAL_Driver/stm32f4xx_hal_spi.o
                0x000000000800357a                HAL_SPI_Receive
 .text.HAL_SPI_TransmitReceive
                0x000000000800379c      0x344 ./Drivers/STM32F4xx_HAL_Driver/stm32f4xx_hal_spi.o
                0x000000000800379c                HAL_SPI_TransmitReceive
 .text.SPI_WaitFlagStateUntilTimeout
                0x0000000008003ae0      0x110 ./Drivers/STM32F4xx_HAL_Driver/stm32f4xx_hal_spi.o
 .text.SPI_EndRxTransaction
                0x0000000008003bf0       0xca ./Drivers/STM32F4xx_HAL_Driver/stm32f4xx_hal_spi.o
 *fill*         0x0000000008003cba        0x2 
 .text.SPI_EndRxTxTransaction
                0x0000000008003cbc       0x84 ./Drivers/STM32F4xx_HAL_Driver/stm32f4xx_hal_spi.o
 .text.HAL_TIM_Base_Init
                0x0000000008003d40       0x9e ./Drivers/STM32F4xx_HAL_Driver/stm32f4xx_hal_tim.o
                0x0000000008003d40                HAL_TIM_Base_Init
 .text.HAL_TIM_PWM_Init
                0x0000000008003dde       0x9e ./Drivers/STM32F4xx_HAL_Driver/stm32f4xx_hal_tim.o
                0x0000000008003dde                HAL_TIM_PWM_Init
 .text.HAL_TIM_PWM_MspInit
                0x0000000008003e7c       0x14 ./Drivers/STM32F4xx_HAL_Driver/stm32f4xx_hal_tim.o
                0x0000000008003e7c                HAL_TIM_PWM_MspInit
 .text.HAL_TIM_PWM_Start
                0x0000000008003e90      0x160 ./Drivers/STM32F4xx_HAL_Driver/stm32f4xx_hal_tim.o
                0x0000000008003e90                HAL_TIM_PWM_Start
 .text.HAL_TIM_PWM_ConfigChannel
                0x0000000008003ff0      0x184 ./Drivers/STM32F4xx_HAL_Driver/stm32f4xx_hal_tim.o
                0x0000000008003ff0                HAL_TIM_PWM_ConfigChannel
 .text.TIM_Base_SetConfig
                0x0000000008004174      0x100 ./Drivers/STM32F4xx_HAL_Driver/stm32f4xx_hal_tim.o
                0x0000000008004174                TIM_Base_SetConfig
 .text.TIM_OC1_SetConfig
                0x0000000008004274       0xcc ./Drivers/STM32F4xx_HAL_Driver/stm32f4xx_hal_tim.o
 .text.TIM_OC2_SetConfig
                0x0000000008004340       0xd8 ./Drivers/STM32F4xx_HAL_Driver/stm32f4xx_hal_tim.o
                0x0000000008004340                TIM_OC2_SetConfig
 .text.TIM_OC3_SetConfig
                0x0000000008004418       0xd4 ./Drivers/STM32F4xx_HAL_Driver/stm32f4xx_hal_tim.o
 .text.TIM_OC4_SetConfig
                0x00000000080044ec       0xa0 ./Drivers/STM32F4xx_HAL_Driver/stm32f4xx_hal_tim.o
 .text.TIM_CCxChannelCmd
                0x000000000800458c       0x4a ./Drivers/STM32F4xx_HAL_Driver/stm32f4xx_hal_tim.o
                0x000000000800458c                TIM_CCxChannelCmd
 .text.HAL_UART_Init
                0x00000000080045d6       0x9a ./Drivers/STM32F4xx_HAL_Driver/stm32f4xx_hal_uart.o
                0x00000000080045d6                HAL_UART_Init
 .text.HAL_UART_Transmit
                0x0000000008004670      0x124 ./Drivers/STM32F4xx_HAL_Driver/stm32f4xx_hal_uart.o
                0x0000000008004670                HAL_UART_Transmit
 .text.HAL_UART_Receive_IT
                0x0000000008004794       0x60 ./Drivers/STM32F4xx_HAL_Driver/stm32f4xx_hal_uart.o
                0x0000000008004794                HAL_UART_Receive_IT
 .text.HAL_UART_IRQHandler
                0x00000000080047f4      0x51c ./Drivers/STM32F4xx_HAL_Driver/stm32f4xx_hal_uart.o
                0x00000000080047f4                HAL_UART_IRQHandler
 .text.HAL_UART_TxCpltCallback
                0x0000000008004d10       0x14 ./Drivers/STM32F4xx_HAL_Driver/stm32f4xx_hal_uart.o
                0x0000000008004d10                HAL_UART_TxCpltCallback
 .text.HAL_UART_ErrorCallback
                0x0000000008004d24       0x14 ./Drivers/STM32F4xx_HAL_Driver/stm32f4xx_hal_uart.o
                0x0000000008004d24                HAL_UART_ErrorCallback
 .text.HAL_UARTEx_RxEventCallback
                0x0000000008004d38       0x18 ./Drivers/STM32F4xx_HAL_Driver/stm32f4xx_hal_uart.o
                0x0000000008004d38                HAL_UARTEx_RxEventCallback
 .text.UART_WaitOnFlagUntilTimeout
                0x0000000008004d50       0xdc ./Drivers/STM32F4xx_HAL_Driver/stm32f4xx_hal_uart.o
 .text.UART_Start_Receive_IT
                0x0000000008004e2c       0x7c ./Drivers/STM32F4xx_HAL_Driver/stm32f4xx_hal_uart.o
                0x0000000008004e2c                UART_Start_Receive_IT
 .text.UART_EndRxTransfer
                0x0000000008004ea8       0xc6 ./Drivers/STM32F4xx_HAL_Driver/stm32f4xx_hal_uart.o
 .text.UART_DMAAbortOnError
                0x0000000008004f6e       0x28 ./Drivers/STM32F4xx_HAL_Driver/stm32f4xx_hal_uart.o
 .text.UART_Transmit_IT
                0x0000000008004f96       0xa0 ./Drivers/STM32F4xx_HAL_Driver/stm32f4xx_hal_uart.o
 .text.UART_EndTransmit_IT
                0x0000000008005036       0x30 ./Drivers/STM32F4xx_HAL_Driver/stm32f4xx_hal_uart.o
 .text.UART_Receive_IT
                0x0000000008005066      0x176 ./Drivers/STM32F4xx_HAL_Driver/stm32f4xx_hal_uart.o
 .text.UART_SetConfig
                0x00000000080051dc      0x4e8 ./Drivers/STM32F4xx_HAL_Driver/stm32f4xx_hal_uart.o
 .text.memset   0x00000000080056c4       0x10 D:/STM32CubeIDE_1.13.2/STM32CubeIDE/plugins/com.st.stm32cube.ide.mcu.externaltools.gnu-tools-for-stm32.11.3.rel1.win32_1.1.1.202309131626/tools/bin/../lib/gcc/arm-none-eabi/11.3.1/../../../../arm-none-eabi/lib/thumb/v7e-m+fp/hard\libc_nano.a(libc_a-memset.o)
                0x00000000080056c4                memset
 .text.__libc_init_array
                0x00000000080056d4       0x48 D:/STM32CubeIDE_1.13.2/STM32CubeIDE/plugins/com.st.stm32cube.ide.mcu.externaltools.gnu-tools-for-stm32.11.3.rel1.win32_1.1.1.202309131626/tools/bin/../lib/gcc/arm-none-eabi/11.3.1/../../../../arm-none-eabi/lib/thumb/v7e-m+fp/hard\libc_nano.a(libc_a-init.o)
                0x00000000080056d4                __libc_init_array
 *(.glue_7)
 .glue_7        0x000000000800571c        0x0 linker stubs
 *(.glue_7t)
 .glue_7t       0x000000000800571c        0x0 linker stubs
 *(.eh_frame)
 .eh_frame      0x000000000800571c        0x0 D:/STM32CubeIDE_1.13.2/STM32CubeIDE/plugins/com.st.stm32cube.ide.mcu.externaltools.gnu-tools-for-stm32.11.3.rel1.win32_1.1.1.202309131626/tools/bin/../lib/gcc/arm-none-eabi/11.3.1/thumb/v7e-m+fp/hard/crtbegin.o
 *(.init)
 .init          0x000000000800571c        0x4 D:/STM32CubeIDE_1.13.2/STM32CubeIDE/plugins/com.st.stm32cube.ide.mcu.externaltools.gnu-tools-for-stm32.11.3.rel1.win32_1.1.1.202309131626/tools/bin/../lib/gcc/arm-none-eabi/11.3.1/thumb/v7e-m+fp/hard/crti.o
                0x000000000800571c                _init
 .init          0x0000000008005720        0x8 D:/STM32CubeIDE_1.13.2/STM32CubeIDE/plugins/com.st.stm32cube.ide.mcu.externaltools.gnu-tools-for-stm32.11.3.rel1.win32_1.1.1.202309131626/tools/bin/../lib/gcc/arm-none-eabi/11.3.1/thumb/v7e-m+fp/hard/crtn.o
 *(.fini)
 .fini          0x0000000008005728        0x4 D:/STM32CubeIDE_1.13.2/STM32CubeIDE/plugins/com.st.stm32cube.ide.mcu.externaltools.gnu-tools-for-stm32.11.3.rel1.win32_1.1.1.202309131626/tools/bin/../lib/gcc/arm-none-eabi/11.3.1/thumb/v7e-m+fp/hard/crti.o
                0x0000000008005728                _fini
 .fini          0x000000000800572c        0x8 D:/STM32CubeIDE_1.13.2/STM32CubeIDE/plugins/com.st.stm32cube.ide.mcu.externaltools.gnu-tools-for-stm32.11.3.rel1.win32_1.1.1.202309131626/tools/bin/../lib/gcc/arm-none-eabi/11.3.1/thumb/v7e-m+fp/hard/crtn.o
                0x0000000008005734                . = ALIGN (0x4)
                0x0000000008005734                _etext = .

.vfp11_veneer   0x0000000008005734        0x0
 .vfp11_veneer  0x0000000008005734        0x0 linker stubs

.v4_bx          0x0000000008005734        0x0
 .v4_bx         0x0000000008005734        0x0 linker stubs

.iplt           0x0000000008005734        0x0
 .iplt          0x0000000008005734        0x0 D:/STM32CubeIDE_1.13.2/STM32CubeIDE/plugins/com.st.stm32cube.ide.mcu.externaltools.gnu-tools-for-stm32.11.3.rel1.win32_1.1.1.202309131626/tools/bin/../lib/gcc/arm-none-eabi/11.3.1/thumb/v7e-m+fp/hard/crtbegin.o

.rodata         0x0000000008005734       0xe0
                0x0000000008005734                . = ALIGN (0x4)
 *(.rodata)
 .rodata        0x0000000008005734       0x10 ./Core/Src/liquidcrystal_i2c.o
 .rodata        0x0000000008005744       0xb8 ./Core/Src/main.o
 *(.rodata*)
 .rodata.AHBPrescTable
                0x00000000080057fc       0x10 ./Core/Src/system_stm32f4xx.o
                0x00000000080057fc                AHBPrescTable
 .rodata.APBPrescTable
                0x000000000800580c        0x8 ./Core/Src/system_stm32f4xx.o
                0x000000000800580c                APBPrescTable
                0x0000000008005814                . = ALIGN (0x4)

.ARM.extab      0x0000000008005814        0x0
                0x0000000008005814                . = ALIGN (0x4)
 *(.ARM.extab* .gnu.linkonce.armextab.*)
                0x0000000008005814                . = ALIGN (0x4)

.ARM            0x0000000008005814        0x8
                0x0000000008005814                . = ALIGN (0x4)
                0x0000000008005814                __exidx_start = .
 *(.ARM.exidx*)
 .ARM.exidx     0x0000000008005814        0x8 D:/STM32CubeIDE_1.13.2/STM32CubeIDE/plugins/com.st.stm32cube.ide.mcu.externaltools.gnu-tools-for-stm32.11.3.rel1.win32_1.1.1.202309131626/tools/bin/../lib/gcc/arm-none-eabi/11.3.1/thumb/v7e-m+fp/hard\libgcc.a(_udivmoddi4.o)
                0x000000000800581c                __exidx_end = .
                0x000000000800581c                . = ALIGN (0x4)

.rel.dyn        0x000000000800581c        0x0
 .rel.iplt      0x000000000800581c        0x0 D:/STM32CubeIDE_1.13.2/STM32CubeIDE/plugins/com.st.stm32cube.ide.mcu.externaltools.gnu-tools-for-stm32.11.3.rel1.win32_1.1.1.202309131626/tools/bin/../lib/gcc/arm-none-eabi/11.3.1/thumb/v7e-m+fp/hard/crtbegin.o

.preinit_array  0x000000000800581c        0x0
                0x000000000800581c                . = ALIGN (0x4)
                0x000000000800581c                PROVIDE (__preinit_array_start = .)
 *(.preinit_array*)
                0x000000000800581c                PROVIDE (__preinit_array_end = .)
                0x000000000800581c                . = ALIGN (0x4)

.init_array     0x000000000800581c        0x4
                0x000000000800581c                . = ALIGN (0x4)
                0x000000000800581c                PROVIDE (__init_array_start = .)
 *(SORT_BY_NAME(.init_array.*))
 *(.init_array*)
 .init_array    0x000000000800581c        0x4 D:/STM32CubeIDE_1.13.2/STM32CubeIDE/plugins/com.st.stm32cube.ide.mcu.externaltools.gnu-tools-for-stm32.11.3.rel1.win32_1.1.1.202309131626/tools/bin/../lib/gcc/arm-none-eabi/11.3.1/thumb/v7e-m+fp/hard/crtbegin.o
                0x0000000008005820                PROVIDE (__init_array_end = .)
                0x0000000008005820                . = ALIGN (0x4)

.fini_array     0x0000000008005820        0x4
                0x0000000008005820                . = ALIGN (0x4)
                [!provide]                        PROVIDE (__fini_array_start = .)
 *(SORT_BY_NAME(.fini_array.*))
 *(.fini_array*)
 .fini_array    0x0000000008005820        0x4 D:/STM32CubeIDE_1.13.2/STM32CubeIDE/plugins/com.st.stm32cube.ide.mcu.externaltools.gnu-tools-for-stm32.11.3.rel1.win32_1.1.1.202309131626/tools/bin/../lib/gcc/arm-none-eabi/11.3.1/thumb/v7e-m+fp/hard/crtbegin.o
                [!provide]                        PROVIDE (__fini_array_end = .)
                0x0000000008005824                . = ALIGN (0x4)
                0x0000000008005824                _sidata = LOADADDR (.data)

.data           0x0000000020000000       0x40 load address 0x0000000008005824
                0x0000000020000000                . = ALIGN (0x4)
                0x0000000020000000                _sdata = .
 *(.data)
 *(.data*)
 .data.special1
                0x0000000020000000        0x8 ./Core/Src/liquidcrystal_i2c.o
                0x0000000020000000                special1
 .data.special2
                0x0000000020000008        0x8 ./Core/Src/liquidcrystal_i2c.o
                0x0000000020000008                special2
 .data.size     0x0000000020000010        0x1 ./Core/Src/main.o
                0x0000000020000010                size
 *fill*         0x0000000020000011        0x3 
 .data.ThoiGianCho
                0x0000000020000014        0x1 ./Core/Src/main.o
                0x0000000020000014                ThoiGianCho
 *fill*         0x0000000020000015        0x3 
 .data.MoCuaVao
                0x0000000020000018        0x2 ./Core/Src/main.o
                0x0000000020000018                MoCuaVao
 *fill*         0x000000002000001a        0x2 
 .data.MoCuaRa  0x000000002000001c        0x2 ./Core/Src/main.o
                0x000000002000001c                MoCuaRa
 *fill*         0x000000002000001e        0x2 
 .data.ChuaDangKyTaiKhoan
                0x0000000020000020        0x2 ./Core/Src/main.o
                0x0000000020000020                ChuaDangKyTaiKhoan
 *fill*         0x0000000020000022        0x2 
 .data.HetTien  0x0000000020000024        0x2 ./Core/Src/main.o
                0x0000000020000024                HetTien
 *fill*         0x0000000020000026        0x2 
 .data.ChuaDangKyRFID
                0x0000000020000028        0x2 ./Core/Src/main.o
                0x0000000020000028                ChuaDangKyRFID
 *fill*         0x000000002000002a        0x2 
 .data.ThemThanhCong
                0x000000002000002c        0x2 ./Core/Src/main.o
                0x000000002000002c                ThemThanhCong
 *fill*         0x000000002000002e        0x2 
 .data.LoiMang  0x0000000020000030        0x2 ./Core/Src/main.o
                0x0000000020000030                LoiMang
 *fill*         0x0000000020000032        0x2 
 .data.SystemCoreClock
                0x0000000020000034        0x4 ./Core/Src/system_stm32f4xx.o
                0x0000000020000034                SystemCoreClock
 .data.uwTickPrio
                0x0000000020000038        0x4 ./Drivers/STM32F4xx_HAL_Driver/stm32f4xx_hal.o
                0x0000000020000038                uwTickPrio
 .data.uwTickFreq
                0x000000002000003c        0x1 ./Drivers/STM32F4xx_HAL_Driver/stm32f4xx_hal.o
                0x000000002000003c                uwTickFreq
 *(.RamFunc)
 *(.RamFunc*)
                0x0000000020000040                . = ALIGN (0x4)
 *fill*         0x000000002000003d        0x3 
                0x0000000020000040                _edata = .

.igot.plt       0x0000000020000040        0x0 load address 0x0000000008005864
 .igot.plt      0x0000000020000040        0x0 D:/STM32CubeIDE_1.13.2/STM32CubeIDE/plugins/com.st.stm32cube.ide.mcu.externaltools.gnu-tools-for-stm32.11.3.rel1.win32_1.1.1.202309131626/tools/bin/../lib/gcc/arm-none-eabi/11.3.1/thumb/v7e-m+fp/hard/crtbegin.o
                0x0000000020000040                . = ALIGN (0x4)

.bss            0x0000000020000040      0x1a4 load address 0x0000000008005864
                0x0000000020000040                _sbss = .
                0x0000000020000040                __bss_start__ = _sbss
 *(.bss)
 .bss           0x0000000020000040       0x1c D:/STM32CubeIDE_1.13.2/STM32CubeIDE/plugins/com.st.stm32cube.ide.mcu.externaltools.gnu-tools-for-stm32.11.3.rel1.win32_1.1.1.202309131626/tools/bin/../lib/gcc/arm-none-eabi/11.3.1/thumb/v7e-m+fp/hard/crtbegin.o
 *(.bss*)
 .bss.dpFunction
                0x000000002000005c        0x1 ./Core/Src/liquidcrystal_i2c.o
                0x000000002000005c                dpFunction
 .bss.dpControl
                0x000000002000005d        0x1 ./Core/Src/liquidcrystal_i2c.o
                0x000000002000005d                dpControl
 .bss.dpMode    0x000000002000005e        0x1 ./Core/Src/liquidcrystal_i2c.o
                0x000000002000005e                dpMode
 .bss.dpRows    0x000000002000005f        0x1 ./Core/Src/liquidcrystal_i2c.o
                0x000000002000005f                dpRows
 .bss.dpBacklight
                0x0000000020000060        0x1 ./Core/Src/liquidcrystal_i2c.o
                0x0000000020000060                dpBacklight
 *fill*         0x0000000020000061        0x3 
 .bss.str       0x0000000020000064        0xb ./Core/Src/main.o
                0x0000000020000064                str
 *fill*         0x000000002000006f        0x1 
 .bss.ChuoiNhan
                0x0000000020000070        0xb ./Core/Src/main.o
                0x0000000020000070                ChuoiNhan
 .bss.CoNhan    0x000000002000007b        0x1 ./Core/Src/main.o
                0x000000002000007b                CoNhan
 .bss.temp      0x000000002000007c        0xb ./Core/Src/main.o
                0x000000002000007c                temp
 .bss.KyTuNhan  0x0000000020000087        0x1 ./Core/Src/main.o
                0x0000000020000087                KyTuNhan
 .bss.rxindex   0x0000000020000088        0x1 ./Core/Src/main.o
                0x0000000020000088                rxindex
 *fill*         0x0000000020000089        0x3 
 .bss.BienSoXe  0x000000002000008c        0xb ./Core/Src/main.o
                0x000000002000008c                BienSoXe
 *fill*         0x0000000020000097        0x1 
 .bss.TinHieuDieuKhien
                0x0000000020000098        0xb ./Core/Src/main.o
                0x0000000020000098                TinHieuDieuKhien
 .bss.TrangThaiCua
                0x00000000200000a3        0x1 ./Core/Src/main.o
                0x00000000200000a3                TrangThaiCua
 .bss.BoDem     0x00000000200000a4        0x1 ./Core/Src/main.o
                0x00000000200000a4                BoDem
 *fill*         0x00000000200000a5        0x3 
 .bss.hi2c2     0x00000000200000a8       0x54 ./Core/Src/main.o
                0x00000000200000a8                hi2c2
 .bss.hspi1     0x00000000200000fc       0x58 ./Core/Src/main.o
                0x00000000200000fc                hspi1
 .bss.htim11    0x0000000020000154       0x48 ./Core/Src/main.o
                0x0000000020000154                htim11
 .bss.huart1    0x000000002000019c       0x44 ./Core/Src/main.o
                0x000000002000019c                huart1
 .bss.uwTick    0x00000000200001e0        0x4 ./Drivers/STM32F4xx_HAL_Driver/stm32f4xx_hal.o
                0x00000000200001e0                uwTick
 *(COMMON)
                0x00000000200001e4                . = ALIGN (0x4)
                0x00000000200001e4                _ebss = .
                0x00000000200001e4                __bss_end__ = _ebss

._user_heap_stack
                0x00000000200001e4      0x604 load address 0x0000000008005864
                0x00000000200001e8                . = ALIGN (0x8)
 *fill*         0x00000000200001e4        0x4 
                [!provide]                        PROVIDE (end = .)
                0x00000000200001e8                PROVIDE (_end = .)
                0x00000000200003e8                . = (. + _Min_Heap_Size)
 *fill*         0x00000000200001e8      0x200 
                0x00000000200007e8                . = (. + _Min_Stack_Size)
 *fill*         0x00000000200003e8      0x400 
                0x00000000200007e8                . = ALIGN (0x8)

/DISCARD/
 libc.a(*)
 libm.a(*)
 libgcc.a(*)

.ARM.attributes
                0x0000000000000000       0x30
 *(.ARM.attributes)
 .ARM.attributes
                0x0000000000000000       0x1e D:/STM32CubeIDE_1.13.2/STM32CubeIDE/plugins/com.st.stm32cube.ide.mcu.externaltools.gnu-tools-for-stm32.11.3.rel1.win32_1.1.1.202309131626/tools/bin/../lib/gcc/arm-none-eabi/11.3.1/thumb/v7e-m+fp/hard/crti.o
 .ARM.attributes
                0x000000000000001e       0x34 D:/STM32CubeIDE_1.13.2/STM32CubeIDE/plugins/com.st.stm32cube.ide.mcu.externaltools.gnu-tools-for-stm32.11.3.rel1.win32_1.1.1.202309131626/tools/bin/../lib/gcc/arm-none-eabi/11.3.1/thumb/v7e-m+fp/hard/crtbegin.o
 .ARM.attributes
                0x0000000000000052       0x34 ./Core/Src/MFRC522.o
 .ARM.attributes
                0x0000000000000086       0x34 ./Core/Src/liquidcrystal_i2c.o
 .ARM.attributes
                0x00000000000000ba       0x34 ./Core/Src/main.o
 .ARM.attributes
                0x00000000000000ee       0x34 ./Core/Src/stm32f4xx_hal_msp.o
 .ARM.attributes
                0x0000000000000122       0x34 ./Core/Src/stm32f4xx_it.o
 .ARM.attributes
                0x0000000000000156       0x34 ./Core/Src/system_stm32f4xx.o
 .ARM.attributes
                0x000000000000018a       0x21 ./Core/Startup/startup_stm32f411ceux.o
 .ARM.attributes
                0x00000000000001ab       0x34 ./Drivers/STM32F4xx_HAL_Driver/stm32f4xx_hal.o
 .ARM.attributes
                0x00000000000001df       0x34 ./Drivers/STM32F4xx_HAL_Driver/stm32f4xx_hal_cortex.o
 .ARM.attributes
                0x0000000000000213       0x34 ./Drivers/STM32F4xx_HAL_Driver/stm32f4xx_hal_dma.o
 .ARM.attributes
                0x0000000000000247       0x34 ./Drivers/STM32F4xx_HAL_Driver/stm32f4xx_hal_gpio.o
 .ARM.attributes
                0x000000000000027b       0x34 ./Drivers/STM32F4xx_HAL_Driver/stm32f4xx_hal_i2c.o
 .ARM.attributes
                0x00000000000002af       0x34 ./Drivers/STM32F4xx_HAL_Driver/stm32f4xx_hal_rcc.o
 .ARM.attributes
                0x00000000000002e3       0x34 ./Drivers/STM32F4xx_HAL_Driver/stm32f4xx_hal_spi.o
 .ARM.attributes
                0x0000000000000317       0x34 ./Drivers/STM32F4xx_HAL_Driver/stm32f4xx_hal_tim.o
 .ARM.attributes
                0x000000000000034b       0x34 ./Drivers/STM32F4xx_HAL_Driver/stm32f4xx_hal_uart.o
 .ARM.attributes
                0x000000000000037f       0x34 D:/STM32CubeIDE_1.13.2/STM32CubeIDE/plugins/com.st.stm32cube.ide.mcu.externaltools.gnu-tools-for-stm32.11.3.rel1.win32_1.1.1.202309131626/tools/bin/../lib/gcc/arm-none-eabi/11.3.1/../../../../arm-none-eabi/lib/thumb/v7e-m+fp/hard\libc_nano.a(libc_a-memset.o)
 .ARM.attributes
                0x00000000000003b3       0x34 D:/STM32CubeIDE_1.13.2/STM32CubeIDE/plugins/com.st.stm32cube.ide.mcu.externaltools.gnu-tools-for-stm32.11.3.rel1.win32_1.1.1.202309131626/tools/bin/../lib/gcc/arm-none-eabi/11.3.1/../../../../arm-none-eabi/lib/thumb/v7e-m+fp/hard\libc_nano.a(libc_a-init.o)
 .ARM.attributes
                0x00000000000003e7       0x1c D:/STM32CubeIDE_1.13.2/STM32CubeIDE/plugins/com.st.stm32cube.ide.mcu.externaltools.gnu-tools-for-stm32.11.3.rel1.win32_1.1.1.202309131626/tools/bin/../lib/gcc/arm-none-eabi/11.3.1/../../../../arm-none-eabi/lib/thumb/v7e-m+fp/hard\libc_nano.a(libc_a-strcmp.o)
 .ARM.attributes
                0x0000000000000403       0x1e D:/STM32CubeIDE_1.13.2/STM32CubeIDE/plugins/com.st.stm32cube.ide.mcu.externaltools.gnu-tools-for-stm32.11.3.rel1.win32_1.1.1.202309131626/tools/bin/../lib/gcc/arm-none-eabi/11.3.1/thumb/v7e-m+fp/hard\libgcc.a(_aeabi_uldivmod.o)
 .ARM.attributes
                0x0000000000000421       0x34 D:/STM32CubeIDE_1.13.2/STM32CubeIDE/plugins/com.st.stm32cube.ide.mcu.externaltools.gnu-tools-for-stm32.11.3.rel1.win32_1.1.1.202309131626/tools/bin/../lib/gcc/arm-none-eabi/11.3.1/thumb/v7e-m+fp/hard\libgcc.a(_udivmoddi4.o)
 .ARM.attributes
                0x0000000000000455       0x1e D:/STM32CubeIDE_1.13.2/STM32CubeIDE/plugins/com.st.stm32cube.ide.mcu.externaltools.gnu-tools-for-stm32.11.3.rel1.win32_1.1.1.202309131626/tools/bin/../lib/gcc/arm-none-eabi/11.3.1/thumb/v7e-m+fp/hard\libgcc.a(_dvmd_tls.o)
 .ARM.attributes
                0x0000000000000473       0x1e D:/STM32CubeIDE_1.13.2/STM32CubeIDE/plugins/com.st.stm32cube.ide.mcu.externaltools.gnu-tools-for-stm32.11.3.rel1.win32_1.1.1.202309131626/tools/bin/../lib/gcc/arm-none-eabi/11.3.1/thumb/v7e-m+fp/hard/crtn.o
OUTPUT(TestDoAn1.elf elf32-littlearm)
LOAD linker stubs
LOAD D:/STM32CubeIDE_1.13.2/STM32CubeIDE/plugins/com.st.stm32cube.ide.mcu.externaltools.gnu-tools-for-stm32.11.3.rel1.win32_1.1.1.202309131626/tools/bin/../lib/gcc/arm-none-eabi/11.3.1/../../../../arm-none-eabi/lib/thumb/v7e-m+fp/hard\libc.a
LOAD D:/STM32CubeIDE_1.13.2/STM32CubeIDE/plugins/com.st.stm32cube.ide.mcu.externaltools.gnu-tools-for-stm32.11.3.rel1.win32_1.1.1.202309131626/tools/bin/../lib/gcc/arm-none-eabi/11.3.1/../../../../arm-none-eabi/lib/thumb/v7e-m+fp/hard\libm.a
LOAD D:/STM32CubeIDE_1.13.2/STM32CubeIDE/plugins/com.st.stm32cube.ide.mcu.externaltools.gnu-tools-for-stm32.11.3.rel1.win32_1.1.1.202309131626/tools/bin/../lib/gcc/arm-none-eabi/11.3.1/thumb/v7e-m+fp/hard\libgcc.a

.comment        0x0000000000000000       0x43
 .comment       0x0000000000000000       0x43 D:/STM32CubeIDE_1.13.2/STM32CubeIDE/plugins/com.st.stm32cube.ide.mcu.externaltools.gnu-tools-for-stm32.11.3.rel1.win32_1.1.1.202309131626/tools/bin/../lib/gcc/arm-none-eabi/11.3.1/thumb/v7e-m+fp/hard/crtbegin.o
                                         0x44 (size before relaxing)
 .comment       0x0000000000000043       0x44 ./Core/Src/MFRC522.o
 .comment       0x0000000000000043       0x44 ./Core/Src/liquidcrystal_i2c.o
 .comment       0x0000000000000043       0x44 ./Core/Src/main.o
 .comment       0x0000000000000043       0x44 ./Core/Src/stm32f4xx_hal_msp.o
 .comment       0x0000000000000043       0x44 ./Core/Src/stm32f4xx_it.o
 .comment       0x0000000000000043       0x44 ./Core/Src/system_stm32f4xx.o
 .comment       0x0000000000000043       0x44 ./Drivers/STM32F4xx_HAL_Driver/stm32f4xx_hal.o
 .comment       0x0000000000000043       0x44 ./Drivers/STM32F4xx_HAL_Driver/stm32f4xx_hal_cortex.o
 .comment       0x0000000000000043       0x44 ./Drivers/STM32F4xx_HAL_Driver/stm32f4xx_hal_dma.o
 .comment       0x0000000000000043       0x44 ./Drivers/STM32F4xx_HAL_Driver/stm32f4xx_hal_gpio.o
 .comment       0x0000000000000043       0x44 ./Drivers/STM32F4xx_HAL_Driver/stm32f4xx_hal_i2c.o
 .comment       0x0000000000000043       0x44 ./Drivers/STM32F4xx_HAL_Driver/stm32f4xx_hal_rcc.o
 .comment       0x0000000000000043       0x44 ./Drivers/STM32F4xx_HAL_Driver/stm32f4xx_hal_spi.o
 .comment       0x0000000000000043       0x44 ./Drivers/STM32F4xx_HAL_Driver/stm32f4xx_hal_tim.o
 .comment       0x0000000000000043       0x44 ./Drivers/STM32F4xx_HAL_Driver/stm32f4xx_hal_uart.o

.debug_info     0x0000000000000000    0x11391
 .debug_info    0x0000000000000000      0xc87 ./Core/Src/MFRC522.o
 .debug_info    0x0000000000000c87      0xc6b ./Core/Src/liquidcrystal_i2c.o
 .debug_info    0x00000000000018f2     0x18b6 ./Core/Src/main.o
 .debug_info    0x00000000000031a8     0x1523 ./Core/Src/stm32f4xx_hal_msp.o
 .debug_info    0x00000000000046cb      0x622 ./Core/Src/stm32f4xx_it.o
 .debug_info    0x0000000000004ced      0x53e ./Core/Src/system_stm32f4xx.o
 .debug_info    0x000000000000522b       0x23 ./Core/Startup/startup_stm32f411ceux.o
 .debug_info    0x000000000000524e      0x8c4 ./Drivers/STM32F4xx_HAL_Driver/stm32f4xx_hal.o
 .debug_info    0x0000000000005b12      0xcb6 ./Drivers/STM32F4xx_HAL_Driver/stm32f4xx_hal_cortex.o
 .debug_info    0x00000000000067c8      0x8e6 ./Drivers/STM32F4xx_HAL_Driver/stm32f4xx_hal_dma.o
 .debug_info    0x00000000000070ae      0x6f9 ./Drivers/STM32F4xx_HAL_Driver/stm32f4xx_hal_gpio.o
 .debug_info    0x00000000000077a7     0x23f2 ./Drivers/STM32F4xx_HAL_Driver/stm32f4xx_hal_i2c.o
 .debug_info    0x0000000000009b99      0x8f2 ./Drivers/STM32F4xx_HAL_Driver/stm32f4xx_hal_rcc.o
 .debug_info    0x000000000000a48b     0x1606 ./Drivers/STM32F4xx_HAL_Driver/stm32f4xx_hal_spi.o
 .debug_info    0x000000000000ba91     0x2941 ./Drivers/STM32F4xx_HAL_Driver/stm32f4xx_hal_tim.o
 .debug_info    0x000000000000e3d2     0x2fbf ./Drivers/STM32F4xx_HAL_Driver/stm32f4xx_hal_uart.o

.debug_abbrev   0x0000000000000000     0x245a
 .debug_abbrev  0x0000000000000000      0x2b5 ./Core/Src/MFRC522.o
 .debug_abbrev  0x00000000000002b5      0x2de ./Core/Src/liquidcrystal_i2c.o
 .debug_abbrev  0x0000000000000593      0x2ce ./Core/Src/main.o
 .debug_abbrev  0x0000000000000861      0x255 ./Core/Src/stm32f4xx_hal_msp.o
 .debug_abbrev  0x0000000000000ab6      0x182 ./Core/Src/stm32f4xx_it.o
 .debug_abbrev  0x0000000000000c38      0x11a ./Core/Src/system_stm32f4xx.o
 .debug_abbrev  0x0000000000000d52       0x12 ./Core/Startup/startup_stm32f411ceux.o
 .debug_abbrev  0x0000000000000d64      0x24b ./Drivers/STM32F4xx_HAL_Driver/stm32f4xx_hal.o
 .debug_abbrev  0x0000000000000faf      0x327 ./Drivers/STM32F4xx_HAL_Driver/stm32f4xx_hal_cortex.o
 .debug_abbrev  0x00000000000012d6      0x221 ./Drivers/STM32F4xx_HAL_Driver/stm32f4xx_hal_dma.o
 .debug_abbrev  0x00000000000014f7      0x1d3 ./Drivers/STM32F4xx_HAL_Driver/stm32f4xx_hal_gpio.o
 .debug_abbrev  0x00000000000016ca      0x2bc ./Drivers/STM32F4xx_HAL_Driver/stm32f4xx_hal_i2c.o
 .debug_abbrev  0x0000000000001986      0x2b5 ./Drivers/STM32F4xx_HAL_Driver/stm32f4xx_hal_rcc.o
 .debug_abbrev  0x0000000000001c3b      0x280 ./Drivers/STM32F4xx_HAL_Driver/stm32f4xx_hal_spi.o
 .debug_abbrev  0x0000000000001ebb      0x284 ./Drivers/STM32F4xx_HAL_Driver/stm32f4xx_hal_tim.o
 .debug_abbrev  0x000000000000213f      0x31b ./Drivers/STM32F4xx_HAL_Driver/stm32f4xx_hal_uart.o

.debug_aranges  0x0000000000000000     0x10f0
 .debug_aranges
                0x0000000000000000       0xa8 ./Core/Src/MFRC522.o
 .debug_aranges
                0x00000000000000a8      0x110 ./Core/Src/liquidcrystal_i2c.o
 .debug_aranges
                0x00000000000001b8       0x60 ./Core/Src/main.o
 .debug_aranges
                0x0000000000000218       0x68 ./Core/Src/stm32f4xx_hal_msp.o
 .debug_aranges
                0x0000000000000280       0x68 ./Core/Src/stm32f4xx_it.o
 .debug_aranges
                0x00000000000002e8       0x28 ./Core/Src/system_stm32f4xx.o
 .debug_aranges
                0x0000000000000310       0x28 ./Core/Startup/startup_stm32f411ceux.o
 .debug_aranges
                0x0000000000000338       0xf0 ./Drivers/STM32F4xx_HAL_Driver/stm32f4xx_hal.o
 .debug_aranges
                0x0000000000000428      0x118 ./Drivers/STM32F4xx_HAL_Driver/stm32f4xx_hal_cortex.o
 .debug_aranges
                0x0000000000000540       0x90 ./Drivers/STM32F4xx_HAL_Driver/stm32f4xx_hal_dma.o
 .debug_aranges
                0x00000000000005d0       0x58 ./Drivers/STM32F4xx_HAL_Driver/stm32f4xx_hal_gpio.o
 .debug_aranges
                0x0000000000000628      0x2a0 ./Drivers/STM32F4xx_HAL_Driver/stm32f4xx_hal_i2c.o
 .debug_aranges
                0x00000000000008c8       0x88 ./Drivers/STM32F4xx_HAL_Driver/stm32f4xx_hal_rcc.o
 .debug_aranges
                0x0000000000000950      0x1d0 ./Drivers/STM32F4xx_HAL_Driver/stm32f4xx_hal_spi.o
 .debug_aranges
                0x0000000000000b20      0x3d0 ./Drivers/STM32F4xx_HAL_Driver/stm32f4xx_hal_tim.o
 .debug_aranges
                0x0000000000000ef0      0x200 ./Drivers/STM32F4xx_HAL_Driver/stm32f4xx_hal_uart.o

.debug_rnglists
                0x0000000000000000      0xd5d
 .debug_rnglists
                0x0000000000000000       0x7e ./Core/Src/MFRC522.o
 .debug_rnglists
                0x000000000000007e       0xc8 ./Core/Src/liquidcrystal_i2c.o
 .debug_rnglists
                0x0000000000000146       0x48 ./Core/Src/main.o
 .debug_rnglists
                0x000000000000018e       0x4c ./Core/Src/stm32f4xx_hal_msp.o
 .debug_rnglists
                0x00000000000001da       0x49 ./Core/Src/stm32f4xx_it.o
 .debug_rnglists
                0x0000000000000223       0x1a ./Core/Src/system_stm32f4xx.o
 .debug_rnglists
                0x000000000000023d       0x19 ./Core/Startup/startup_stm32f411ceux.o
 .debug_rnglists
                0x0000000000000256       0xaf ./Drivers/STM32F4xx_HAL_Driver/stm32f4xx_hal.o
 .debug_rnglists
                0x0000000000000305       0xce ./Drivers/STM32F4xx_HAL_Driver/stm32f4xx_hal_cortex.o
 .debug_rnglists
                0x00000000000003d3       0x70 ./Drivers/STM32F4xx_HAL_Driver/stm32f4xx_hal_dma.o
 .debug_rnglists
                0x0000000000000443       0x3f ./Drivers/STM32F4xx_HAL_Driver/stm32f4xx_hal_gpio.o
 .debug_rnglists
                0x0000000000000482      0x235 ./Drivers/STM32F4xx_HAL_Driver/stm32f4xx_hal_i2c.o
 .debug_rnglists
                0x00000000000006b7       0x66 ./Drivers/STM32F4xx_HAL_Driver/stm32f4xx_hal_rcc.o
 .debug_rnglists
                0x000000000000071d      0x16f ./Drivers/STM32F4xx_HAL_Driver/stm32f4xx_hal_spi.o
 .debug_rnglists
                0x000000000000088c      0x31a ./Drivers/STM32F4xx_HAL_Driver/stm32f4xx_hal_tim.o
 .debug_rnglists
                0x0000000000000ba6      0x1b7 ./Drivers/STM32F4xx_HAL_Driver/stm32f4xx_hal_uart.o

.debug_macro    0x0000000000000000    0x178fb
 .debug_macro   0x0000000000000000      0x357 ./Core/Src/MFRC522.o
 .debug_macro   0x0000000000000357      0xaa8 ./Core/Src/MFRC522.o
 .debug_macro   0x0000000000000dff       0x2a ./Core/Src/MFRC522.o
 .debug_macro   0x0000000000000e29       0x22 ./Core/Src/MFRC522.o
 .debug_macro   0x0000000000000e4b       0x5b ./Core/Src/MFRC522.o
 .debug_macro   0x0000000000000ea6       0x94 ./Core/Src/MFRC522.o
 .debug_macro   0x0000000000000f3a       0x43 ./Core/Src/MFRC522.o
 .debug_macro   0x0000000000000f7d       0x34 ./Core/Src/MFRC522.o
 .debug_macro   0x0000000000000fb1       0x16 ./Core/Src/MFRC522.o
 .debug_macro   0x0000000000000fc7      0x10e ./Core/Src/MFRC522.o
 .debug_macro   0x00000000000010d5       0x8d ./Core/Src/MFRC522.o
 .debug_macro   0x0000000000001162       0x16 ./Core/Src/MFRC522.o
 .debug_macro   0x0000000000001178       0x43 ./Core/Src/MFRC522.o
 .debug_macro   0x00000000000011bb       0x57 ./Core/Src/MFRC522.o
 .debug_macro   0x0000000000001212       0x34 ./Core/Src/MFRC522.o
 .debug_macro   0x0000000000001246       0x10 ./Core/Src/MFRC522.o
 .debug_macro   0x0000000000001256       0x58 ./Core/Src/MFRC522.o
 .debug_macro   0x00000000000012ae       0x8e ./Core/Src/MFRC522.o
 .debug_macro   0x000000000000133c       0x1c ./Core/Src/MFRC522.o
 .debug_macro   0x0000000000001358      0x177 ./Core/Src/MFRC522.o
 .debug_macro   0x00000000000014cf      0x369 ./Core/Src/MFRC522.o
 .debug_macro   0x0000000000001838       0x16 ./Core/Src/MFRC522.o
 .debug_macro   0x000000000000184e       0x29 ./Core/Src/MFRC522.o
 .debug_macro   0x0000000000001877       0x1c ./Core/Src/MFRC522.o
 .debug_macro   0x0000000000001893       0x35 ./Core/Src/MFRC522.o
 .debug_macro   0x00000000000018c8       0x10 ./Core/Src/MFRC522.o
 .debug_macro   0x00000000000018d8       0x1c ./Core/Src/MFRC522.o
 .debug_macro   0x00000000000018f4       0x16 ./Core/Src/MFRC522.o
 .debug_macro   0x000000000000190a      0x147 ./Core/Src/MFRC522.o
 .debug_macro   0x0000000000001a51       0x16 ./Core/Src/MFRC522.o
 .debug_macro   0x0000000000001a67       0x20 ./Core/Src/MFRC522.o
 .debug_macro   0x0000000000001a87      0x103 ./Core/Src/MFRC522.o
 .debug_macro   0x0000000000001b8a       0x6a ./Core/Src/MFRC522.o
 .debug_macro   0x0000000000001bf4      0x1df ./Core/Src/MFRC522.o
 .debug_macro   0x0000000000001dd3      0x460 ./Core/Src/MFRC522.o
 .debug_macro   0x0000000000002233      0x2a7 ./Core/Src/MFRC522.o
 .debug_macro   0x00000000000024da       0x2e ./Core/Src/MFRC522.o
 .debug_macro   0x0000000000002508       0x28 ./Core/Src/MFRC522.o
 .debug_macro   0x0000000000002530       0x1c ./Core/Src/MFRC522.o
 .debug_macro   0x000000000000254c       0x22 ./Core/Src/MFRC522.o
 .debug_macro   0x000000000000256e       0xd9 ./Core/Src/MFRC522.o
 .debug_macro   0x0000000000002647     0x102d ./Core/Src/MFRC522.o
 .debug_macro   0x0000000000003674      0x11f ./Core/Src/MFRC522.o
 .debug_macro   0x0000000000003793     0xb953 ./Core/Src/MFRC522.o
 .debug_macro   0x000000000000f0e6       0x6d ./Core/Src/MFRC522.o
 .debug_macro   0x000000000000f153     0x367e ./Core/Src/MFRC522.o
 .debug_macro   0x00000000000127d1       0x56 ./Core/Src/MFRC522.o
 .debug_macro   0x0000000000012827      0x447 ./Core/Src/MFRC522.o
 .debug_macro   0x0000000000012c6e      0x9fe ./Core/Src/MFRC522.o
 .debug_macro   0x000000000001366c      0x115 ./Core/Src/MFRC522.o
 .debug_macro   0x0000000000013781      0x11b ./Core/Src/MFRC522.o
 .debug_macro   0x000000000001389c       0xa5 ./Core/Src/MFRC522.o
 .debug_macro   0x0000000000013941      0x15f ./Core/Src/MFRC522.o
 .debug_macro   0x0000000000013aa0      0x287 ./Core/Src/MFRC522.o
 .debug_macro   0x0000000000013d27       0x5f ./Core/Src/MFRC522.o
 .debug_macro   0x0000000000013d86      0x236 ./Core/Src/MFRC522.o
 .debug_macro   0x0000000000013fbc      0x132 ./Core/Src/MFRC522.o
 .debug_macro   0x00000000000140ee      0x264 ./Core/Src/MFRC522.o
 .debug_macro   0x0000000000014352       0x2e ./Core/Src/MFRC522.o
 .debug_macro   0x0000000000014380      0x1b5 ./Core/Src/MFRC522.o
 .debug_macro   0x0000000000014535       0x22 ./Core/Src/MFRC522.o
 .debug_macro   0x0000000000014557       0xd6 ./Core/Src/MFRC522.o
 .debug_macro   0x000000000001462d      0x11a ./Core/Src/MFRC522.o
 .debug_macro   0x0000000000014747       0x85 ./Core/Src/MFRC522.o
 .debug_macro   0x00000000000147cc       0x89 ./Core/Src/MFRC522.o
 .debug_macro   0x0000000000014855      0x225 ./Core/Src/MFRC522.o
 .debug_macro   0x0000000000014a7a      0x8e6 ./Core/Src/MFRC522.o
 .debug_macro   0x0000000000015360       0x47 ./Core/Src/MFRC522.o
 .debug_macro   0x00000000000153a7      0x295 ./Core/Src/MFRC522.o
 .debug_macro   0x000000000001563c      0x126 ./Core/Src/MFRC522.o
 .debug_macro   0x0000000000015762       0x28 ./Core/Src/MFRC522.o
 .debug_macro   0x000000000001578a      0x214 ./Core/Src/MFRC522.o
 .debug_macro   0x000000000001599e      0x200 ./Core/Src/liquidcrystal_i2c.o
 .debug_macro   0x0000000000015b9e       0xd0 ./Core/Src/liquidcrystal_i2c.o
 .debug_macro   0x0000000000015c6e      0x2ea ./Core/Src/main.o
 .debug_macro   0x0000000000015f58       0xd6 ./Core/Src/main.o
 .debug_macro   0x000000000001602e       0x61 ./Core/Src/main.o
 .debug_macro   0x000000000001608f       0x10 ./Core/Src/main.o
 .debug_macro   0x000000000001609f      0x200 ./Core/Src/stm32f4xx_hal_msp.o
 .debug_macro   0x000000000001629f      0x20a ./Core/Src/stm32f4xx_it.o
 .debug_macro   0x00000000000164a9      0x1f1 ./Core/Src/system_stm32f4xx.o
 .debug_macro   0x000000000001669a      0x251 ./Drivers/STM32F4xx_HAL_Driver/stm32f4xx_hal.o
 .debug_macro   0x00000000000168eb      0x1f1 ./Drivers/STM32F4xx_HAL_Driver/stm32f4xx_hal_cortex.o
 .debug_macro   0x0000000000016adc      0x1f7 ./Drivers/STM32F4xx_HAL_Driver/stm32f4xx_hal_dma.o
 .debug_macro   0x0000000000016cd3      0x1f7 ./Drivers/STM32F4xx_HAL_Driver/stm32f4xx_hal_gpio.o
 .debug_macro   0x0000000000016eca      0x238 ./Drivers/STM32F4xx_HAL_Driver/stm32f4xx_hal_i2c.o
 .debug_macro   0x0000000000017102      0x215 ./Drivers/STM32F4xx_HAL_Driver/stm32f4xx_hal_rcc.o
 .debug_macro   0x0000000000017317      0x200 ./Drivers/STM32F4xx_HAL_Driver/stm32f4xx_hal_spi.o
 .debug_macro   0x0000000000017517      0x1f2 ./Drivers/STM32F4xx_HAL_Driver/stm32f4xx_hal_tim.o
 .debug_macro   0x0000000000017709      0x1f2 ./Drivers/STM32F4xx_HAL_Driver/stm32f4xx_hal_uart.o

.debug_line     0x0000000000000000    0x1472d
 .debug_line    0x0000000000000000      0xedb ./Core/Src/MFRC522.o
 .debug_line    0x0000000000000edb      0xc45 ./Core/Src/liquidcrystal_i2c.o
 .debug_line    0x0000000000001b20      0xd65 ./Core/Src/main.o
 .debug_line    0x0000000000002885      0x9c9 ./Core/Src/stm32f4xx_hal_msp.o
 .debug_line    0x000000000000324e      0x941 ./Core/Src/stm32f4xx_it.o
 .debug_line    0x0000000000003b8f      0x8e8 ./Core/Src/system_stm32f4xx.o
 .debug_line    0x0000000000004477       0x7a ./Core/Startup/startup_stm32f411ceux.o
 .debug_line    0x00000000000044f1      0xb87 ./Drivers/STM32F4xx_HAL_Driver/stm32f4xx_hal.o
 .debug_line    0x0000000000005078      0xe36 ./Drivers/STM32F4xx_HAL_Driver/stm32f4xx_hal_cortex.o
 .debug_line    0x0000000000005eae     0x10eb ./Drivers/STM32F4xx_HAL_Driver/stm32f4xx_hal_dma.o
 .debug_line    0x0000000000006f99      0xcbf ./Drivers/STM32F4xx_HAL_Driver/stm32f4xx_hal_gpio.o
 .debug_line    0x0000000000007c58     0x3b49 ./Drivers/STM32F4xx_HAL_Driver/stm32f4xx_hal_i2c.o
 .debug_line    0x000000000000b7a1      0xefe ./Drivers/STM32F4xx_HAL_Driver/stm32f4xx_hal_rcc.o
 .debug_line    0x000000000000c69f     0x1e18 ./Drivers/STM32F4xx_HAL_Driver/stm32f4xx_hal_spi.o
 .debug_line    0x000000000000e4b7     0x364d ./Drivers/STM32F4xx_HAL_Driver/stm32f4xx_hal_tim.o
 .debug_line    0x0000000000011b04     0x2c29 ./Drivers/STM32F4xx_HAL_Driver/stm32f4xx_hal_uart.o

.debug_str      0x0000000000000000    0x93881
 .debug_str     0x0000000000000000    0x8eb88 ./Core/Src/MFRC522.o
                                      0x8ee8b (size before relaxing)
 .debug_str     0x000000000008eb88      0x8b1 ./Core/Src/liquidcrystal_i2c.o
                                      0x8a3fa (size before relaxing)
 .debug_str     0x000000000008f439      0x90d ./Core/Src/main.o
                                      0x8e436 (size before relaxing)
 .debug_str     0x000000000008fd46      0x4bb ./Core/Src/stm32f4xx_hal_msp.o
                                      0x8aa5f (size before relaxing)
 .debug_str     0x0000000000090201       0xef ./Core/Src/stm32f4xx_it.o
                                      0x89e16 (size before relaxing)
 .debug_str     0x00000000000902f0       0xcb ./Core/Src/system_stm32f4xx.o
                                      0x89a39 (size before relaxing)
 .debug_str     0x00000000000903bb       0x34 ./Core/Startup/startup_stm32f411ceux.o
                                         0x5f (size before relaxing)
 .debug_str     0x00000000000903ef      0x637 ./Drivers/STM32F4xx_HAL_Driver/stm32f4xx_hal.o
                                      0x8a49e (size before relaxing)
 .debug_str     0x0000000000090a26      0x366 ./Drivers/STM32F4xx_HAL_Driver/stm32f4xx_hal_cortex.o
                                      0x8a1bf (size before relaxing)
 .debug_str     0x0000000000090d8c      0x34e ./Drivers/STM32F4xx_HAL_Driver/stm32f4xx_hal_dma.o
                                      0x89e7a (size before relaxing)
 .debug_str     0x00000000000910da      0x144 ./Drivers/STM32F4xx_HAL_Driver/stm32f4xx_hal_gpio.o
                                      0x89bed (size before relaxing)
 .debug_str     0x000000000009121e      0xae7 ./Drivers/STM32F4xx_HAL_Driver/stm32f4xx_hal_i2c.o
                                      0x8aa30 (size before relaxing)
 .debug_str     0x0000000000091d05      0x24c ./Drivers/STM32F4xx_HAL_Driver/stm32f4xx_hal_rcc.o
                                      0x89ea6 (size before relaxing)
 .debug_str     0x0000000000091f51      0x56a ./Drivers/STM32F4xx_HAL_Driver/stm32f4xx_hal_spi.o
                                      0x8a324 (size before relaxing)
 .debug_str     0x00000000000924bb      0xdf6 ./Drivers/STM32F4xx_HAL_Driver/stm32f4xx_hal_tim.o
                                      0x8adda (size before relaxing)
 .debug_str     0x00000000000932b1      0x5d0 ./Drivers/STM32F4xx_HAL_Driver/stm32f4xx_hal_uart.o
                                      0x8a433 (size before relaxing)

.debug_frame    0x0000000000000000     0x4864
 .debug_frame   0x0000000000000000      0x280 ./Core/Src/MFRC522.o
 .debug_frame   0x0000000000000280      0x3f0 ./Core/Src/liquidcrystal_i2c.o
 .debug_frame   0x0000000000000670      0x128 ./Core/Src/main.o
 .debug_frame   0x0000000000000798      0x184 ./Core/Src/stm32f4xx_hal_msp.o
 .debug_frame   0x000000000000091c      0x120 ./Core/Src/stm32f4xx_it.o
 .debug_frame   0x0000000000000a3c       0x58 ./Core/Src/system_stm32f4xx.o
 .debug_frame   0x0000000000000a94      0x374 ./Drivers/STM32F4xx_HAL_Driver/stm32f4xx_hal.o
 .debug_frame   0x0000000000000e08      0x498 ./Drivers/STM32F4xx_HAL_Driver/stm32f4xx_hal_cortex.o
 .debug_frame   0x00000000000012a0      0x250 ./Drivers/STM32F4xx_HAL_Driver/stm32f4xx_hal_dma.o
 .debug_frame   0x00000000000014f0      0x14c ./Drivers/STM32F4xx_HAL_Driver/stm32f4xx_hal_gpio.o
 .debug_frame   0x000000000000163c      0xc5c ./Drivers/STM32F4xx_HAL_Driver/stm32f4xx_hal_i2c.o
 .debug_frame   0x0000000000002298      0x1f4 ./Drivers/STM32F4xx_HAL_Driver/stm32f4xx_hal_rcc.o
 .debug_frame   0x000000000000248c      0x824 ./Drivers/STM32F4xx_HAL_Driver/stm32f4xx_hal_spi.o
 .debug_frame   0x0000000000002cb0     0x11bc ./Drivers/STM32F4xx_HAL_Driver/stm32f4xx_hal_tim.o
 .debug_frame   0x0000000000003e6c      0x92c ./Drivers/STM32F4xx_HAL_Driver/stm32f4xx_hal_uart.o
 .debug_frame   0x0000000000004798       0x20 D:/STM32CubeIDE_1.13.2/STM32CubeIDE/plugins/com.st.stm32cube.ide.mcu.externaltools.gnu-tools-for-stm32.11.3.rel1.win32_1.1.1.202309131626/tools/bin/../lib/gcc/arm-none-eabi/11.3.1/../../../../arm-none-eabi/lib/thumb/v7e-m+fp/hard\libc_nano.a(libc_a-memset.o)
 .debug_frame   0x00000000000047b8       0x2c D:/STM32CubeIDE_1.13.2/STM32CubeIDE/plugins/com.st.stm32cube.ide.mcu.externaltools.gnu-tools-for-stm32.11.3.rel1.win32_1.1.1.202309131626/tools/bin/../lib/gcc/arm-none-eabi/11.3.1/../../../../arm-none-eabi/lib/thumb/v7e-m+fp/hard\libc_nano.a(libc_a-init.o)
 .debug_frame   0x00000000000047e4       0x20 D:/STM32CubeIDE_1.13.2/STM32CubeIDE/plugins/com.st.stm32cube.ide.mcu.externaltools.gnu-tools-for-stm32.11.3.rel1.win32_1.1.1.202309131626/tools/bin/../lib/gcc/arm-none-eabi/11.3.1/../../../../arm-none-eabi/lib/thumb/v7e-m+fp/hard\libc_nano.a(libc_a-strcmp.o)
 .debug_frame   0x0000000000004804       0x2c D:/STM32CubeIDE_1.13.2/STM32CubeIDE/plugins/com.st.stm32cube.ide.mcu.externaltools.gnu-tools-for-stm32.11.3.rel1.win32_1.1.1.202309131626/tools/bin/../lib/gcc/arm-none-eabi/11.3.1/thumb/v7e-m+fp/hard\libgcc.a(_aeabi_uldivmod.o)
 .debug_frame   0x0000000000004830       0x34 D:/STM32CubeIDE_1.13.2/STM32CubeIDE/plugins/com.st.stm32cube.ide.mcu.externaltools.gnu-tools-for-stm32.11.3.rel1.win32_1.1.1.202309131626/tools/bin/../lib/gcc/arm-none-eabi/11.3.1/thumb/v7e-m+fp/hard\libgcc.a(_udivmoddi4.o)

.debug_line_str
                0x0000000000000000       0x53
 .debug_line_str
                0x0000000000000000       0x53 ./Core/Startup/startup_stm32f411ceux.o
                                         0x6b (size before relaxing)
